Archive member included to satisfy reference by file (symbol)

D:/Stm32cubeIDE/STM32CubeIDE_1.16.1/STM32CubeIDE/plugins/com.st.stm32cube.ide.mcu.externaltools.gnu-tools-for-stm32.12.3.rel1.win32_1.0.200.202406191623/tools/bin/../lib/gcc/arm-none-eabi/12.3.1/../../../../arm-none-eabi/lib/thumb/v7e-m+dp/hard\libc_nano.a(libc_a-exit.o)
                              D:/Stm32cubeIDE/STM32CubeIDE_1.16.1/STM32CubeIDE/plugins/com.st.stm32cube.ide.mcu.externaltools.gnu-tools-for-stm32.12.3.rel1.win32_1.0.200.202406191623/tools/bin/../lib/gcc/arm-none-eabi/12.3.1/../../../../arm-none-eabi/lib/thumb/v7e-m+dp/hard/crt0.o (exit)
D:/Stm32cubeIDE/STM32CubeIDE_1.16.1/STM32CubeIDE/plugins/com.st.stm32cube.ide.mcu.externaltools.gnu-tools-for-stm32.12.3.rel1.win32_1.0.200.202406191623/tools/bin/../lib/gcc/arm-none-eabi/12.3.1/../../../../arm-none-eabi/lib/thumb/v7e-m+dp/hard\libc_nano.a(libc_a-findfp.o)
                              D:/Stm32cubeIDE/STM32CubeIDE_1.16.1/STM32CubeIDE/plugins/com.st.stm32cube.ide.mcu.externaltools.gnu-tools-for-stm32.12.3.rel1.win32_1.0.200.202406191623/tools/bin/../lib/gcc/arm-none-eabi/12.3.1/../../../../arm-none-eabi/lib/thumb/v7e-m+dp/hard\libc_nano.a(libc_a-exit.o) (__stdio_exit_handler)
D:/Stm32cubeIDE/STM32CubeIDE_1.16.1/STM32CubeIDE/plugins/com.st.stm32cube.ide.mcu.externaltools.gnu-tools-for-stm32.12.3.rel1.win32_1.0.200.202406191623/tools/bin/../lib/gcc/arm-none-eabi/12.3.1/../../../../arm-none-eabi/lib/thumb/v7e-m+dp/hard\libc_nano.a(libc_a-fwalk.o)
                              D:/Stm32cubeIDE/STM32CubeIDE_1.16.1/STM32CubeIDE/plugins/com.st.stm32cube.ide.mcu.externaltools.gnu-tools-for-stm32.12.3.rel1.win32_1.0.200.202406191623/tools/bin/../lib/gcc/arm-none-eabi/12.3.1/../../../../arm-none-eabi/lib/thumb/v7e-m+dp/hard\libc_nano.a(libc_a-findfp.o) (_fwalk_sglue)
D:/Stm32cubeIDE/STM32CubeIDE_1.16.1/STM32CubeIDE/plugins/com.st.stm32cube.ide.mcu.externaltools.gnu-tools-for-stm32.12.3.rel1.win32_1.0.200.202406191623/tools/bin/../lib/gcc/arm-none-eabi/12.3.1/../../../../arm-none-eabi/lib/thumb/v7e-m+dp/hard\libc_nano.a(libc_a-stdio.o)
                              D:/Stm32cubeIDE/STM32CubeIDE_1.16.1/STM32CubeIDE/plugins/com.st.stm32cube.ide.mcu.externaltools.gnu-tools-for-stm32.12.3.rel1.win32_1.0.200.202406191623/tools/bin/../lib/gcc/arm-none-eabi/12.3.1/../../../../arm-none-eabi/lib/thumb/v7e-m+dp/hard\libc_nano.a(libc_a-findfp.o) (__sread)
D:/Stm32cubeIDE/STM32CubeIDE_1.16.1/STM32CubeIDE/plugins/com.st.stm32cube.ide.mcu.externaltools.gnu-tools-for-stm32.12.3.rel1.win32_1.0.200.202406191623/tools/bin/../lib/gcc/arm-none-eabi/12.3.1/../../../../arm-none-eabi/lib/thumb/v7e-m+dp/hard\libc_nano.a(libc_a-memset.o)
                              D:/Stm32cubeIDE/STM32CubeIDE_1.16.1/STM32CubeIDE/plugins/com.st.stm32cube.ide.mcu.externaltools.gnu-tools-for-stm32.12.3.rel1.win32_1.0.200.202406191623/tools/bin/../lib/gcc/arm-none-eabi/12.3.1/../../../../arm-none-eabi/lib/thumb/v7e-m+dp/hard/crt0.o (memset)
D:/Stm32cubeIDE/STM32CubeIDE_1.16.1/STM32CubeIDE/plugins/com.st.stm32cube.ide.mcu.externaltools.gnu-tools-for-stm32.12.3.rel1.win32_1.0.200.202406191623/tools/bin/../lib/gcc/arm-none-eabi/12.3.1/../../../../arm-none-eabi/lib/thumb/v7e-m+dp/hard\libc_nano.a(libc_a-closer.o)
                              D:/Stm32cubeIDE/STM32CubeIDE_1.16.1/STM32CubeIDE/plugins/com.st.stm32cube.ide.mcu.externaltools.gnu-tools-for-stm32.12.3.rel1.win32_1.0.200.202406191623/tools/bin/../lib/gcc/arm-none-eabi/12.3.1/../../../../arm-none-eabi/lib/thumb/v7e-m+dp/hard\libc_nano.a(libc_a-stdio.o) (_close_r)
D:/Stm32cubeIDE/STM32CubeIDE_1.16.1/STM32CubeIDE/plugins/com.st.stm32cube.ide.mcu.externaltools.gnu-tools-for-stm32.12.3.rel1.win32_1.0.200.202406191623/tools/bin/../lib/gcc/arm-none-eabi/12.3.1/../../../../arm-none-eabi/lib/thumb/v7e-m+dp/hard\libc_nano.a(libc_a-reent.o)
                              D:/Stm32cubeIDE/STM32CubeIDE_1.16.1/STM32CubeIDE/plugins/com.st.stm32cube.ide.mcu.externaltools.gnu-tools-for-stm32.12.3.rel1.win32_1.0.200.202406191623/tools/bin/../lib/gcc/arm-none-eabi/12.3.1/../../../../arm-none-eabi/lib/thumb/v7e-m+dp/hard\libc_nano.a(libc_a-closer.o) (errno)
D:/Stm32cubeIDE/STM32CubeIDE_1.16.1/STM32CubeIDE/plugins/com.st.stm32cube.ide.mcu.externaltools.gnu-tools-for-stm32.12.3.rel1.win32_1.0.200.202406191623/tools/bin/../lib/gcc/arm-none-eabi/12.3.1/../../../../arm-none-eabi/lib/thumb/v7e-m+dp/hard\libc_nano.a(libc_a-impure.o)
                              D:/Stm32cubeIDE/STM32CubeIDE_1.16.1/STM32CubeIDE/plugins/com.st.stm32cube.ide.mcu.externaltools.gnu-tools-for-stm32.12.3.rel1.win32_1.0.200.202406191623/tools/bin/../lib/gcc/arm-none-eabi/12.3.1/../../../../arm-none-eabi/lib/thumb/v7e-m+dp/hard\libc_nano.a(libc_a-reent.o) (_impure_ptr)
[...]
Memory Configuration

Name             Origin             Length             Attributes
FLASH            0x08000000         0x00200000         xr
DTCMRAM          0x20000000         0x00020000         xrw
RAM_D1           0x24000000         0x00080000         xrw
RAM_D2           0x30000000         0x00048000         xrw
RAM_D3           0x38000000         0x00010000         xrw
ITCMRAM          0x00000000         0x00010000         xrw
*default*        0x00000000         0xffffffff

Linker script and memory map

LOAD D:/Stm32cubeIDE/STM32CubeIDE_1.16.1/STM32CubeIDE/plugins/com.st.stm32cube.ide.mcu.externaltools.gnu-tools-for-stm32.12.3.rel1.win32_1.0.200.202406191623/tools/bin/../lib/gcc/arm-none-eabi/12.3.1/thumb/v7e-m+dp/hard/crti.o
LOAD D:/Stm32cubeIDE/STM32CubeIDE_1.16.1/STM32CubeIDE/plugins/com.st.stm32cube.ide.mcu.externaltools.gnu-tools-for-stm32.12.3.rel1.win32_1.0.200.202406191623/tools/bin/../lib/gcc/arm-none-eabi/12.3.1/thumb/v7e-m+dp/hard/crtbegin.o
LOAD D:/Stm32cubeIDE/STM32CubeIDE_1.16.1/STM32CubeIDE/plugins/com.st.stm32cube.ide.mcu.externaltools.gnu-tools-for-stm32.12.3.rel1.win32_1.0.200.202406191623/tools/bin/../lib/gcc/arm-none-eabi/12.3.1/../../../../arm-none-eabi/lib/thumb/v7e-m+dp/hard/crt0.o
LOAD ./Src/001led_toggle.o
LOAD ./Startup/startup_stm32h743vitx.o
LOAD ./drivers/Src/stm32h743vit6_gpio_drivers.o
LOAD ./drivers/Src/stm32h743vit6_i2c_driver.o
START GROUP
LOAD D:/Stm32cubeIDE/STM32CubeIDE_1.16.1/STM32CubeIDE/plugins/com.st.stm32cube.ide.mcu.externaltools.gnu-tools-for-stm32.12.3.rel1.win32_1.0.200.202406191623/tools/bin/../lib/gcc/arm-none-eabi/12.3.1/../../../../arm-none-eabi/lib/thumb/v7e-m+dp/hard\libc_nano.a
LOAD D:/Stm32cubeIDE/STM32CubeIDE_1.16.1/STM32CubeIDE/plugins/com.st.stm32cube.ide.mcu.externaltools.gnu-tools-for-stm32.12.3.rel1.win32_1.0.200.202406191623/tools/bin/../lib/gcc/arm-none-eabi/12.3.1/../../../../arm-none-eabi/lib/thumb/v7e-m+dp/hard\libm.a
END GROUP
START GROUP
LOAD D:/Stm32cubeIDE/STM32CubeIDE_1.16.1/STM32CubeIDE/plugins/com.st.stm32cube.ide.mcu.externaltools.gnu-tools-for-stm32.12.3.rel1.win32_1.0.200.202406191623/tools/bin/../lib/gcc/arm-none-eabi/12.3.1/thumb/v7e-m+dp/hard\libgcc.a
LOAD D:/Stm32cubeIDE/STM32CubeIDE_1.16.1/STM32CubeIDE/plugins/com.st.stm32cube.ide.mcu.externaltools.gnu-tools-for-stm32.12.3.rel1.win32_1.0.200.202406191623/tools/bin/../lib/gcc/arm-none-eabi/12.3.1/../../../../arm-none-eabi/lib/thumb/v7e-m+dp/hard\libc_nano.a
END GROUP
START GROUP
LOAD D:/Stm32cubeIDE/STM32CubeIDE_1.16.1/STM32CubeIDE/plugins/com.st.stm32cube.ide.mcu.externaltools.gnu-tools-for-stm32.12.3.rel1.win32_1.0.200.202406191623/tools/bin/../lib/gcc/arm-none-eabi/12.3.1/thumb/v7e-m+dp/hard\libgcc.a
LOAD D:/Stm32cubeIDE/STM32CubeIDE_1.16.1/STM32CubeIDE/plugins/com.st.stm32cube.ide.mcu.externaltools.gnu-tools-for-stm32.12.3.rel1.win32_1.0.200.202406191623/tools/bin/../lib/gcc/arm-none-eabi/12.3.1/../../../../arm-none-eabi/lib/thumb/v7e-m+dp/hard\libc_nano.a
LOAD D:/Stm32cubeIDE/STM32CubeIDE_1.16.1/STM32CubeIDE/plugins/com.st.stm32cube.ide.mcu.externaltools.gnu-tools-for-stm32.12.3.rel1.win32_1.0.200.202406191623/tools/bin/../lib/gcc/arm-none-eabi/12.3.1/../../../../arm-none-eabi/lib/thumb/v7e-m+dp/hard\libnosys.a
END GROUP
START GROUP
LOAD D:/Stm32cubeIDE/STM32CubeIDE_1.16.1/STM32CubeIDE/plugins/com.st.stm32cube.ide.mcu.externaltools.gnu-tools-for-stm32.12.3.rel1.win32_1.0.200.202406191623/tools/bin/../lib/gcc/arm-none-eabi/12.3.1/thumb/v7e-m+dp/hard\libgcc.a
LOAD D:/Stm32cubeIDE/STM32CubeIDE_1.16.1/STM32CubeIDE/plugins/com.st.stm32cube.ide.mcu.externaltools.gnu-tools-for-stm32.12.3.rel1.win32_1.0.200.202406191623/tools/bin/../lib/gcc/arm-none-eabi/12.3.1/../../../../arm-none-eabi/lib/thumb/v7e-m+dp/hard\libc_nano.a
LOAD D:/Stm32cubeIDE/STM32CubeIDE_1.16.1/STM32CubeIDE/plugins/com.st.stm32cube.ide.mcu.externaltools.gnu-tools-for-stm32.12.3.rel1.win32_1.0.200.202406191623/tools/bin/../lib/gcc/arm-none-eabi/12.3.1/../../../../arm-none-eabi/lib/thumb/v7e-m+dp/hard\libnosys.a
END GROUP
LOAD D:/Stm32cubeIDE/STM32CubeIDE_1.16.1/STM32CubeIDE/plugins/com.st.stm32cube.ide.mcu.externaltools.gnu-tools-for-stm32.12.3.rel1.win32_1.0.200.202406191623/tools/bin/../lib/gcc/arm-none-eabi/12.3.1/thumb/v7e-m+dp/hard/crtend.o
LOAD D:/Stm32cubeIDE/STM32CubeIDE_1.16.1/STM32CubeIDE/plugins/com.st.stm32cube.ide.mcu.externaltools.gnu-tools-for-stm32.12.3.rel1.win32_1.0.200.202406191623/tools/bin/../lib/gcc/arm-none-eabi/12.3.1/thumb/v7e-m+dp/hard/crtn.o
                0x24080000                        _estack = (ORIGIN (RAM_D1) + LENGTH (RAM_D1))
                0x00000200                        _Min_Heap_Size = 0x200
                0x00000400                        _Min_Stack_Size = 0x400

.isr_vector     0x08000000      0x298
                0x08000000                        . = ALIGN (0x4)
 *(.isr_vector)
 .isr_vector    0x08000000      0x298 ./Startup/startup_stm32h743vitx.o
                0x08000000                g_pfnVectors
                0x08000298                        . = ALIGN (0x4)

.text           0x08000298      0x53c
                0x08000298                        . = ALIGN (0x4)
 *(.text)
 .text          0x08000298       0x40 D:/Stm32cubeIDE/STM32CubeIDE_1.16.1/STM32CubeIDE/plugins/com.st.stm32cube.ide.mcu.externaltools.gnu-tools-for-stm32.12.3.rel1.win32_1.0.200.202406191623/tools/bin/../lib/gcc/arm-none-eabi/12.3.1/thumb/v7e-m+dp/hard/crtbegin.o
 *(.text*)
 .text.delay    0x080002d8       0x2c ./Src/001led_toggle.o
                0x080002d8                delay
 .text.main     0x08000304       0x44 ./Src/001led_toggle.o
                0x08000304                main
 .text.Reset_Handler
                0x08000348       0x50 ./Startup/startup_stm32h743vitx.o
                0x08000348                Reset_Handler
 .text.Default_Handler
                0x08000398        0x2 ./Startup/startup_stm32h743vitx.o
                0x08000398                HASH_RNG_IRQHandler
                0x08000398                EXTI2_IRQHandler
                0x08000398                TIM8_CC_IRQHandler
                0x08000398                DMA_STR2_IRQHandler
                0x08000398                DebugMon_Handler
                0x08000398                UART8_IRQHandler
                0x08000398                SPI4_IRQHandler
                0x08000398                HRTIM1_MST_IRQHandler
                0x08000398                HardFault_Handler
                0x08000398                DMA_STR5_IRQHandler
                0x08000398                HRTIM1_FLT_IRQHandler
                0x08000398                JPEG_IRQHandler
                0x08000398                SysTick_Handler
                0x08000398                DMA2_STR1_IRQHandler
                0x08000398                DMA2_STR5_IRQHandler
                0x08000398                HRTIM1_TIMD_IRQHandler
                0x08000398                PendSV_Handler
                0x08000398                NMI_Handler
                0x08000398                EXTI3_IRQHandler
                0x08000398                LPTIM4_IRQHandler
                0x08000398                TIM8_TRG_COM_TIM14_IRQHandler
                0x08000398                LPTIM2_IRQHandler
                0x08000398                DFSDM1_FLT1_IRQHandler
                0x08000398                DMAMUX2_OVR_IRQHandler
                0x08000398                TIM8_UP_TIM13_IRQHandler
                0x08000398                I2C3_ER_IRQHandler
                0x08000398                DFSDM1_FLT2_IRQHandler
                0x08000398                MDMA_IRQHandler
                0x08000398                LPTIM3_IRQHandler
                0x08000398                EXTI0_IRQHandler
                0x08000398                I2C2_EV_IRQHandler
                0x08000398                FPU_IRQHandler
                0x08000398                DMA_STR1_IRQHandler
                0x08000398                OTG_HS_WKUP_IRQHandler
                0x08000398                FDCAN1_IT1_IRQHandler
                0x08000398                UsageFault_Handler
                0x08000398                LTDC_ER_IRQHandler
                0x08000398                ADC1_2_IRQHandler
                0x08000398                SPI1_IRQHandler
                0x08000398                BDMA_CH2_IRQHandler
                0x08000398                TIM6_DAC_IRQHandler
                0x08000398                DCMI_IRQHandler
                0x08000398                HRTIM1_TIMC_IRQHandler
                0x08000398                SDMMC_IRQHandler
                0x08000398                RTC_ALARM_IRQHandler
                0x08000398                DMA_STR0_IRQHandler
                0x08000398                SAI2_IRQHandler
                0x08000398                DMA2_STR3_IRQHandler
                0x08000398                DFSDM1_FLT3_IRQHandler
                0x08000398                USART6_IRQHandler
                0x08000398                BDMA_CH5_IRQHandler
                0x08000398                TIM17_IRQHandler
                0x08000398                BDMA_CH6_IRQHandler
                0x08000398                USART3_IRQHandler
                0x08000398                WKUP_IRQHandler
                0x08000398                BDMA_CH3_IRQHandler
                0x08000398                LPTIM5_IRQHandler
                0x08000398                LPUART_IRQHandler
                0x08000398                UART5_IRQHandler
                0x08000398                ADC3_IRQHandler
                0x08000398                DMA_STR6_IRQHandler
                0x08000398                TIM4_IRQHandler
                0x08000398                QUADSPI_IRQHandler
                0x08000398                I2C1_EV_IRQHandler
                0x08000398                DMA1_STR7_IRQHandler
                0x08000398                TIM16_IRQHandler
                0x08000398                UART4_IRQHandler
                0x08000398                TIM3_IRQHandler
                0x08000398                RCC_IRQHandler
                0x08000398                TIM8_BRK_TIM12_IRQHandler
                0x08000398                TIM1_TRG_COM_IRQHandler
                0x08000398                Default_Handler
                0x08000398                HRTIM_TIMB_IRQHandler
                0x08000398                CEC_IRQHandler
                0x08000398                EXTI15_10_IRQHandler
                0x08000398                BDMA_CH4_IRQHandler
                0x08000398                DMA_STR3_IRQHandler
                0x08000398                HRTIM_TIME_IRQHandler
                0x08000398                HRTIM1_TIMA_IRQHandler
                0x08000398                SPI5_IRQHandler
                0x08000398                TIM7_IRQHandler
                0x08000398                SDMMC1_IRQHandler
                0x08000398                TIM5_IRQHandler
                0x08000398                SPDIF_IRQHandler
                0x08000398                TIM15_IRQHandler
                0x08000398                I2C3_EV_IRQHandler
                0x08000398                WWDG1_RST_IRQHandler
                0x08000398                EXTI9_5_IRQHandler
                0x08000398                DMA2_STR4_IRQHandler
                0x08000398                RTC_WKUP_IRQHandler
                0x08000398                DMA2_STR6_IRQHandler
                0x08000398                LTDC_IRQHandler
                0x08000398                SAI3_IRQHandler
                0x08000398                ETH_WKUP_IRQHandler
                0x08000398                PVD_PVM_IRQHandler
                0x08000398                BDMA_CH0_IRQHandler
                0x08000398                SPI2_IRQHandler
                0x08000398                OTG_HS_EP1_IN_IRQHandler
                0x08000398                MemManage_Handler
                0x08000398                DMA2_STR0_IRQHandler
                0x08000398                SVC_Handler
                0x08000398                CRS_IRQHandler
                0x08000398                EXTI4_IRQHandler
                0x08000398                DMAMUX1_OV_IRQHandler
                0x08000398                FDCAN2_IT1_IRQHandler
                0x08000398                DMA_STR4_IRQHandler
                0x08000398                COMP_IRQHandler
                0x08000398                DMA2_STR2_IRQHandler
                0x08000398                ETH_IRQHandler
                0x08000398                TIM1_UP_IRQHandler
                0x08000398                DMA2_STR7_IRQHandler
                0x08000398                OTG_HS_EP1_OUT_IRQHandler
                0x08000398                SPI6_IRQHandler
                0x08000398                MDIOS_IRQHandler
                0x08000398                I2C4_EV_IRQHandler
                0x08000398                FDCAN2_IT0_IRQHandler
                0x08000398                BDMA_CH7_IRQHandler
                0x08000398                FDCAN1_IT0_IRQHandler
                0x08000398                TIM2_IRQHandler
                0x08000398                HSEM0_IRQHandler
                0x08000398                OTG_FS_WKUP_IRQHandler
                0x08000398                OTG_HS_IRQHandler
                0x08000398                DMA2D_IRQHandler
                0x08000398                TIM1_BRK_IRQHandler
                0x08000398                EXTI1_IRQHandler
                0x08000398                OTG_FS_EP1_OUT_IRQHandler
                0x08000398                UART7_IRQHandler
                0x08000398                MDIOS_WKUP_IRQHandler
                0x08000398                USART2_IRQHandler
                0x08000398                DFSDM1_FLT0_IRQHandler
                0x08000398                SAI4_IRQHandler
                0x08000398                I2C2_ER_IRQHandler
                0x08000398                FLASH_IRQHandler
                0x08000398                WWDG1_IRQHandler
                0x08000398                BusFault_Handler
                0x08000398                USART1_IRQHandler
                0x08000398                OTG_FS_IRQHandler
                0x08000398                SPI3_IRQHandler
                0x08000398                OTG_FS_EP1_IN_IRQHandler
                0x08000398                I2C1_ER_IRQHandler
                0x08000398                FMC_IRQHandler
                0x08000398                BDMA_CH1_IRQHandler
                0x08000398                FDCAN_CAL_IRQHandler
                0x08000398                SWPMI1_IRQHandler
                0x08000398                LPTIM1_IRQHandler
                0x08000398                TIM_CC_IRQHandler
                0x08000398                I2C4_ER_IRQHandler
                0x08000398                SAI1_IRQHandler
                0x08000398                RTC_TAMP_STAMP_CSS_LSE_IRQHandler
 *fill*         0x0800039a        0x2 
 .text.GPIO_PeriClockControl
                0x0800039c      0x218 ./drivers/Src/stm32h743vit6_gpio_drivers.o
                0x0800039c                GPIO_PeriClockControl
 .text.GPIO_Init
                0x080005b4      0x194 ./drivers/Src/stm32h743vit6_gpio_drivers.o
                0x080005b4                GPIO_Init
 .text.GPIO_ToggleOutputPin
                0x08000748       0x2a ./drivers/Src/stm32h743vit6_gpio_drivers.o
                0x08000748                GPIO_ToggleOutputPin
 *fill*         0x08000772        0x2 
 .text.__libc_init_array
                0x08000774       0x48 D:/Stm32cubeIDE/STM32CubeIDE_1.16.1/STM32CubeIDE/plugins/com.st.stm32cube.ide.mcu.externaltools.gnu-tools-for-stm32.12.3.rel1.win32_1.0.200.202406191623/tools/bin/../lib/gcc/arm-none-eabi/12.3.1/../../../../arm-none-eabi/lib/thumb/v7e-m+dp/hard\libc_nano.a(libc_a-init.o)
                0x08000774                __libc_init_array
 *(.glue_7)
 .glue_7        0x080007bc        0x0 linker stubs
 *(.glue_7t)
 .glue_7t       0x080007bc        0x0 linker stubs
 *(.eh_frame)
 .eh_frame      0x080007bc        0x0 D:/Stm32cubeIDE/STM32CubeIDE_1.16.1/STM32CubeIDE/plugins/com.st.stm32cube.ide.mcu.externaltools.gnu-tools-for-stm32.12.3.rel1.win32_1.0.200.202406191623/tools/bin/../lib/gcc/arm-none-eabi/12.3.1/thumb/v7e-m+dp/hard/crtbegin.o
 *(.init)
 .init          0x080007bc        0x4 D:/Stm32cubeIDE/STM32CubeIDE_1.16.1/STM32CubeIDE/plugins/com.st.stm32cube.ide.mcu.externaltools.gnu-tools-for-stm32.12.3.rel1.win32_1.0.200.202406191623/tools/bin/../lib/gcc/arm-none-eabi/12.3.1/thumb/v7e-m+dp/hard/crti.o
                0x080007bc                _init
 .init          0x080007c0        0x8 D:/Stm32cubeIDE/STM32CubeIDE_1.16.1/STM32CubeIDE/plugins/com.st.stm32cube.ide.mcu.externaltools.gnu-tools-for-stm32.12.3.rel1.win32_1.0.200.202406191623/tools/bin/../lib/gcc/arm-none-eabi/12.3.1/thumb/v7e-m+dp/hard/crtn.o
 *(.fini)
 .fini          0x080007c8        0x4 D:/Stm32cubeIDE/STM32CubeIDE_1.16.1/STM32CubeIDE/plugins/com.st.stm32cube.ide.mcu.externaltools.gnu-tools-for-stm32.12.3.rel1.win32_1.0.200.202406191623/tools/bin/../lib/gcc/arm-none-eabi/12.3.1/thumb/v7e-m+dp/hard/crti.o
                0x080007c8                _fini
 .fini          0x080007cc        0x8 D:/Stm32cubeIDE/STM32CubeIDE_1.16.1/STM32CubeIDE/plugins/com.st.stm32cube.ide.mcu.externaltools.gnu-tools-for-stm32.12.3.rel1.win32_1.0.200.202406191623/tools/bin/../lib/gcc/arm-none-eabi/12.3.1/thumb/v7e-m+dp/hard/crtn.o
                0x080007d4                        . = ALIGN (0x4)
                0x080007d4                        _etext = .

.vfp11_veneer   0x080007d4        0x0
 .vfp11_veneer  0x080007d4        0x0 linker stubs

.v4_bx          0x080007d4        0x0
 .v4_bx         0x080007d4        0x0 linker stubs

.iplt           0x080007d4        0x0
 .iplt          0x080007d4        0x0 D:/Stm32cubeIDE/STM32CubeIDE_1.16.1/STM32CubeIDE/plugins/com.st.stm32cube.ide.mcu.externaltools.gnu-tools-for-stm32.12.3.rel1.win32_1.0.200.202406191623/tools/bin/../lib/gcc/arm-none-eabi/12.3.1/thumb/v7e-m+dp/hard/crtbegin.o

.rodata         0x080007d4        0x0
                0x080007d4                        . = ALIGN (0x4)
 *(.rodata)
 *(.rodata*)
                0x080007d4                        . = ALIGN (0x4)

.ARM.extab
 *(.ARM.extab* .gnu.linkonce.armextab.*)

.ARM            0x080007d4        0x0
                0x080007d4                        __exidx_start = .
 *(.ARM.exidx*)
                0x080007d4                        __exidx_end = .

.preinit_array  0x080007d4        0x0
                0x080007d4                        PROVIDE (__preinit_array_start = .)
 *(.preinit_array*)
                0x080007d4                        PROVIDE (__preinit_array_end = .)

.init_array     0x080007d4        0x4
                0x080007d4                        PROVIDE (__init_array_start = .)
 *(SORT_BY_NAME(.init_array.*))
 *(.init_array*)
 .init_array    0x080007d4        0x4 D:/Stm32cubeIDE/STM32CubeIDE_1.16.1/STM32CubeIDE/plugins/com.st.stm32cube.ide.mcu.externaltools.gnu-tools-for-stm32.12.3.rel1.win32_1.0.200.202406191623/tools/bin/../lib/gcc/arm-none-eabi/12.3.1/thumb/v7e-m+dp/hard/crtbegin.o
                0x080007d8                        PROVIDE (__init_array_end = .)

.fini_array     0x080007d8        0x4
                [!provide]                        PROVIDE (__fini_array_start = .)
 *(SORT_BY_NAME(.fini_array.*))
 *(.fini_array*)
 .fini_array    0x080007d8        0x4 D:/Stm32cubeIDE/STM32CubeIDE_1.16.1/STM32CubeIDE/plugins/com.st.stm32cube.ide.mcu.externaltools.gnu-tools-for-stm32.12.3.rel1.win32_1.0.200.202406191623/tools/bin/../lib/gcc/arm-none-eabi/12.3.1/thumb/v7e-m+dp/hard/crtbegin.o
                [!provide]                        PROVIDE (__fini_array_end = .)
                0x080007dc                        _sidata = LOADADDR (.data)

.rel.dyn        0x080007dc        0x0
 .rel.iplt      0x080007dc        0x0 D:/Stm32cubeIDE/STM32CubeIDE_1.16.1/STM32CubeIDE/plugins/com.st.stm32cube.ide.mcu.externaltools.gnu-tools-for-stm32.12.3.rel1.win32_1.0.200.202406191623/tools/bin/../lib/gcc/arm-none-eabi/12.3.1/thumb/v7e-m+dp/hard/crtbegin.o

.data           0x24000000        0x0 load address 0x080007dc
                0x24000000                        . = ALIGN (0x4)
                0x24000000                        _sdata = .
 *(.data)
 *(.data*)
 *(.RamFunc)
 *(.RamFunc*)
                0x24000000                        . = ALIGN (0x4)
                0x24000000                        _edata = .

.igot.plt       0x24000000        0x0 load address 0x080007dc
 .igot.plt      0x24000000        0x0 D:/Stm32cubeIDE/STM32CubeIDE_1.16.1/STM32CubeIDE/plugins/com.st.stm32cube.ide.mcu.externaltools.gnu-tools-for-stm32.12.3.rel1.win32_1.0.200.202406191623/tools/bin/../lib/gcc/arm-none-eabi/12.3.1/thumb/v7e-m+dp/hard/crtbegin.o
                0x24000000                        . = ALIGN (0x4)

.bss            0x24000000       0x1c load address 0x080007dc
                0x24000000                        _sbss = .
                0x24000000                        __bss_start__ = _sbss
 *(.bss)
 .bss           0x24000000       0x1c D:/Stm32cubeIDE/STM32CubeIDE_1.16.1/STM32CubeIDE/plugins/com.st.stm32cube.ide.mcu.externaltools.gnu-tools-for-stm32.12.3.rel1.win32_1.0.200.202406191623/tools/bin/../lib/gcc/arm-none-eabi/12.3.1/thumb/v7e-m+dp/hard/crtbegin.o
 *(.bss*)
 *(COMMON)
                0x2400001c                        . = ALIGN (0x4)
                0x2400001c                        _ebss = .
                0x2400001c                        __bss_end__ = _ebss

._user_heap_stack
                0x2400001c      0x604 load address 0x080007dc
                0x24000020                        . = ALIGN (0x8)
 *fill*         0x2400001c        0x4 
                0x24000020                        PROVIDE (end = .)
                [!provide]                        PROVIDE (_end = .)
                0x24000220                        . = (. + _Min_Heap_Size)
 *fill*         0x24000020      0x200 
                0x24000620                        . = (. + _Min_Stack_Size)
 *fill*         0x24000220      0x400 
                0x24000620                        . = ALIGN (0x8)

/DISCARD/
 libc.a(*)
 libm.a(*)
 libgcc.a(*)

.ARM.attributes
                0x00000000       0x2e
 *(.ARM.attributes)
 .ARM.attributes
                0x00000000       0x20 D:/Stm32cubeIDE/STM32CubeIDE_1.16.1/STM32CubeIDE/plugins/com.st.stm32cube.ide.mcu.externaltools.gnu-tools-for-stm32.12.3.rel1.win32_1.0.200.202406191623/tools/bin/../lib/gcc/arm-none-eabi/12.3.1/thumb/v7e-m+dp/hard/crti.o
 .ARM.attributes
                0x00000020       0x32 D:/Stm32cubeIDE/STM32CubeIDE_1.16.1/STM32CubeIDE/plugins/com.st.stm32cube.ide.mcu.externaltools.gnu-tools-for-stm32.12.3.rel1.win32_1.0.200.202406191623/tools/bin/../lib/gcc/arm-none-eabi/12.3.1/thumb/v7e-m+dp/hard/crtbegin.o
 .ARM.attributes
                0x00000052       0x32 ./Src/001led_toggle.o
 .ARM.attributes
                0x00000084       0x21 ./Startup/startup_stm32h743vitx.o
 .ARM.attributes
                0x000000a5       0x32 ./drivers/Src/stm32h743vit6_gpio_drivers.o
 .ARM.attributes
                0x000000d7       0x32 D:/Stm32cubeIDE/STM32CubeIDE_1.16.1/STM32CubeIDE/plugins/com.st.stm32cube.ide.mcu.externaltools.gnu-tools-for-stm32.12.3.rel1.win32_1.0.200.202406191623/tools/bin/../lib/gcc/arm-none-eabi/12.3.1/../../../../arm-none-eabi/lib/thumb/v7e-m+dp/hard\libc_nano.a(libc_a-init.o)
 .ARM.attributes
                0x00000109       0x20 D:/Stm32cubeIDE/STM32CubeIDE_1.16.1/STM32CubeIDE/plugins/com.st.stm32cube.ide.mcu.externaltools.gnu-tools-for-stm32.12.3.rel1.win32_1.0.200.202406191623/tools/bin/../lib/gcc/arm-none-eabi/12.3.1/thumb/v7e-m+dp/hard/crtn.o
OUTPUT(Robot_Controller.elf elf32-littlearm)
LOAD linker stubs
LOAD D:/Stm32cubeIDE/STM32CubeIDE_1.16.1/STM32CubeIDE/plugins/com.st.stm32cube.ide.mcu.externaltools.gnu-tools-for-stm32.12.3.rel1.win32_1.0.200.202406191623/tools/bin/../lib/gcc/arm-none-eabi/12.3.1/../../../../arm-none-eabi/lib/thumb/v7e-m+dp/hard\libc.a
LOAD D:/Stm32cubeIDE/STM32CubeIDE_1.16.1/STM32CubeIDE/plugins/com.st.stm32cube.ide.mcu.externaltools.gnu-tools-for-stm32.12.3.rel1.win32_1.0.200.202406191623/tools/bin/../lib/gcc/arm-none-eabi/12.3.1/../../../../arm-none-eabi/lib/thumb/v7e-m+dp/hard\libm.a
LOAD D:/Stm32cubeIDE/STM32CubeIDE_1.16.1/STM32CubeIDE/plugins/com.st.stm32cube.ide.mcu.externaltools.gnu-tools-for-stm32.12.3.rel1.win32_1.0.200.202406191623/tools/bin/../lib/gcc/arm-none-eabi/12.3.1/thumb/v7e-m+dp/hard\libgcc.a

.debug_info     0x00000000      0x998
 .debug_info    0x00000000      0x269 ./Src/001led_toggle.o
 .debug_info    0x00000269       0x30 ./Startup/startup_stm32h743vitx.o
 .debug_info    0x00000299      0x6ff ./drivers/Src/stm32h743vit6_gpio_drivers.o

.debug_abbrev   0x00000000      0x247
 .debug_abbrev  0x00000000      0x111 ./Src/001led_toggle.o
 .debug_abbrev  0x00000111       0x24 ./Startup/startup_stm32h743vitx.o
 .debug_abbrev  0x00000135      0x112 ./drivers/Src/stm32h743vit6_gpio_drivers.o

.debug_aranges  0x00000000       0xb8
 .debug_aranges
                0x00000000       0x28 ./Src/001led_toggle.o
 .debug_aranges
                0x00000028       0x28 ./Startup/startup_stm32h743vitx.o
 .debug_aranges
                0x00000050       0x68 ./drivers/Src/stm32h743vit6_gpio_drivers.o

.debug_rnglists
                0x00000000       0x7e
 .debug_rnglists
                0x00000000       0x19 ./Src/001led_toggle.o
 .debug_rnglists
                0x00000019       0x19 ./Startup/startup_stm32h743vitx.o
 .debug_rnglists
                0x00000032       0x4c ./drivers/Src/stm32h743vit6_gpio_drivers.o

.debug_macro    0x00000000     0x12d0
 .debug_macro   0x00000000       0x89 ./Src/001led_toggle.o
 .debug_macro   0x00000089      0xad8 ./Src/001led_toggle.o
 .debug_macro   0x00000b61       0x10 ./Src/001led_toggle.o
 .debug_macro   0x00000b71       0x22 ./Src/001led_toggle.o
 .debug_macro   0x00000b93       0x8e ./Src/001led_toggle.o
 .debug_macro   0x00000c21       0x51 ./Src/001led_toggle.o
 .debug_macro   0x00000c72      0x103 ./Src/001led_toggle.o
 .debug_macro   0x00000d75       0x6a ./Src/001led_toggle.o
 .debug_macro   0x00000ddf      0x1df ./Src/001led_toggle.o
 .debug_macro   0x00000fbe      0x211 ./Src/001led_toggle.o
 .debug_macro   0x000011cf       0x7c ./Src/001led_toggle.o
 .debug_macro   0x0000124b       0x85 ./drivers/Src/stm32h743vit6_gpio_drivers.o

.debug_line     0x00000000      0xd52
 .debug_line    0x00000000      0x4d6 ./Src/001led_toggle.o
 .debug_line    0x000004d6       0x7b ./Startup/startup_stm32h743vitx.o
 .debug_line    0x00000551      0x801 ./drivers/Src/stm32h743vit6_gpio_drivers.o

.debug_str      0x00000000     0x4ddf
 .debug_str     0x00000000     0x4af0 ./Src/001led_toggle.o
                               0x4c5c (size before relaxing)
 .debug_str     0x00004af0       0x3f ./Startup/startup_stm32h743vitx.o
                                 0x86 (size before relaxing)
 .debug_str     0x00004b2f      0x2b0 ./drivers/Src/stm32h743vit6_gpio_drivers.o
                               0x4efa (size before relaxing)

.comment        0x00000000       0x43
 .comment       0x00000000       0x43 ./Src/001led_toggle.o
                                 0x44 (size before relaxing)
 .comment       0x00000043       0x44 ./drivers/Src/stm32h743vit6_gpio_drivers.o

.debug_frame    0x00000000      0x224
 .debug_frame   0x00000000       0x58 ./Src/001led_toggle.o
 .debug_frame   0x00000058      0x1a0 ./drivers/Src/stm32h743vit6_gpio_drivers.o
 .debug_frame   0x000001f8       0x2c D:/Stm32cubeIDE/STM32CubeIDE_1.16.1/STM32CubeIDE/plugins/com.st.stm32cube.ide.mcu.externaltools.gnu-tools-for-stm32.12.3.rel1.win32_1.0.200.202406191623/tools/bin/../lib/gcc/arm-none-eabi/12.3.1/../../../../arm-none-eabi/lib/thumb/v7e-m+dp/hard\libc_nano.a(libc_a-init.o)

.debug_line_str
                0x00000000       0x6a
 .debug_line_str
                0x00000000       0x6a ./Startup/startup_stm32h743vitx.o
