14:35:33 **** Incremental Build of configuration Debug for project Robot_Controller ****
make -j8 all 
arm-none-eabi-gcc "../drivers/Src/stm32h743vit6_gpio_drivers.c" -mcpu=cortex-m7 -std=gnu11 -g3 -DDEBUG -DSTM32 -DSTM32H7SINGLE -DSTM32H7 -DSTM32H743VITx -c -I../Inc -I"D:/My_Files/projects/Embedded/STM32/GIT/STM32H7/Robot_Controller/Inc" -I"D:/My_Files/projects/Embedded/STM32/GIT/STM32H7/Robot_Controller/drivers/Inc" -O0 -ffunction-sections -fdata-sections -Wall -fstack-usage -fcyclomatic-complexity -MMD -MP -MF"drivers/Src/stm32h743vit6_gpio_drivers.d" -MT"drivers/Src/stm32h743vit6_gpio_drivers.o" --specs=nano.specs -mfpu=fpv5-d16 -mfloat-abi=hard -mthumb -o "drivers/Src/stm32h743vit6_gpio_drivers.o"
arm-none-eabi-gcc "../drivers/Src/stm32h743vit6_i2c_driver.c" -mcpu=cortex-m7 -std=gnu11 -g3 -DDEBUG -DSTM32 -DSTM32H7SINGLE -DSTM32H7 -DSTM32H743VITx -c -I../Inc -I"D:/My_Files/projects/Embedded/STM32/GIT/STM32H7/Robot_Controller/Inc" -I"D:/My_Files/projects/Embedded/STM32/GIT/STM32H7/Robot_Controller/drivers/Inc" -O0 -ffunction-sections -fdata-sections -Wall -fstack-usage -fcyclomatic-complexity -MMD -MP -MF"drivers/Src/stm32h743vit6_i2c_driver.d" -MT"drivers/Src/stm32h743vit6_i2c_driver.o" --specs=nano.specs -mfpu=fpv5-d16 -mfloat-abi=hard -mthumb -o "drivers/Src/stm32h743vit6_i2c_driver.o"
arm-none-eabi-gcc "../Src/001led_toggle.c" -mcpu=cortex-m7 -std=gnu11 -g3 -DDEBUG -DSTM32 -DSTM32H7SINGLE -DSTM32H7 -DSTM32H743VITx -c -I../Inc -I"D:/My_Files/projects/Embedded/STM32/GIT/STM32H7/Robot_Controller/Inc" -I"D:/My_Files/projects/Embedded/STM32/GIT/STM32H7/Robot_Controller/drivers/Inc" -O0 -ffunction-sections -fdata-sections -Wall -fstack-usage -fcyclomatic-complexity -MMD -MP -MF"Src/001led_toggle.d" -MT"Src/001led_toggle.o" --specs=nano.specs -mfpu=fpv5-d16 -mfloat-abi=hard -mthumb -o "Src/001led_toggle.o"
arm-none-eabi-gcc -o "Robot_Controller.elf" @"objects.list"   -mcpu=cortex-m7 -T"D:\My_Files\projects\Embedded\STM32\GIT\STM32H7\Robot_Controller\STM32H743VITX_FLASH.ld" --specs=nosys.specs -Wl,-Map="Robot_Controller.map" -Wl,--gc-sections -static --specs=nano.specs -mfpu=fpv5-d16 -mfloat-abi=hard -mthumb -Wl,--start-group -lc -lm -Wl,--end-group
D:/Stm32cubeIDE/STM32CubeIDE_1.16.1/STM32CubeIDE/plugins/com.st.stm32cube.ide.mcu.externaltools.gnu-tools-for-stm32.12.3.rel1.win32_1.0.200.202406191623/tools/bin/../lib/gcc/arm-none-eabi/12.3.1/../../../../arm-none-eabi/bin/ld.exe: D:/Stm32cubeIDE/STM32CubeIDE_1.16.1/STM32CubeIDE/plugins/com.st.stm32cube.ide.mcu.externaltools.gnu-tools-for-stm32.12.3.rel1.win32_1.0.200.202406191623/tools/bin/../lib/gcc/arm-none-eabi/12.3.1/../../../../arm-none-eabi/lib/thumb/v7e-m+dp/hard\libc_nano.a(libc_a-closer.o): in function `_close_r':
(.text._close_r+0xc): warning: _close is not implemented and will always fail
D:/Stm32cubeIDE/STM32CubeIDE_1.16.1/STM32CubeIDE/plugins/com.st.stm32cube.ide.mcu.externaltools.gnu-tools-for-stm32.12.3.rel1.win32_1.0.200.202406191623/tools/bin/../lib/gcc/arm-none-eabi/12.3.1/../../../../arm-none-eabi/bin/ld.exe: D:/Stm32cubeIDE/STM32CubeIDE_1.16.1/STM32CubeIDE/plugins/com.st.stm32cube.ide.mcu.externaltools.gnu-tools-for-stm32.12.3.rel1.win32_1.0.200.202406191623/tools/bin/../lib/gcc/arm-none-eabi/12.3.1/../../../../arm-none-eabi/lib/thumb/v7e-m+dp/hard\libc_nano.a(libc_a-lseekr.o): in function `_lseek_r':
(.text._lseek_r+0x10): warning: _lseek is not implemented and will always fail
D:/Stm32cubeIDE/STM32CubeIDE_1.16.1/STM32CubeIDE/plugins/com.st.stm32cube.ide.mcu.externaltools.gnu-tools-for-stm32.12.3.rel1.win32_1.0.200.202406191623/tools/bin/../lib/gcc/arm-none-eabi/12.3.1/../../../../arm-none-eabi/bin/ld.exe: D:/Stm32cubeIDE/STM32CubeIDE_1.16.1/STM32CubeIDE/plugins/com.st.stm32cube.ide.mcu.externaltools.gnu-tools-for-stm32.12.3.rel1.win32_1.0.200.202406191623/tools/bin/../lib/gcc/arm-none-eabi/12.3.1/../../../../arm-none-eabi/lib/thumb/v7e-m+dp/hard\libc_nano.a(libc_a-readr.o): in function `_read_r':
(.text._read_r+0x10): warning: _read is not implemented and will always fail
D:/Stm32cubeIDE/STM32CubeIDE_1.16.1/STM32CubeIDE/plugins/com.st.stm32cube.ide.mcu.externaltools.gnu-tools-for-stm32.12.3.rel1.win32_1.0.200.202406191623/tools/bin/../lib/gcc/arm-none-eabi/12.3.1/../../../../arm-none-eabi/bin/ld.exe: D:/Stm32cubeIDE/STM32CubeIDE_1.16.1/STM32CubeIDE/plugins/com.st.stm32cube.ide.mcu.externaltools.gnu-tools-for-stm32.12.3.rel1.win32_1.0.200.202406191623/tools/bin/../lib/gcc/arm-none-eabi/12.3.1/../../../../arm-none-eabi/lib/thumb/v7e-m+dp/hard\libc_nano.a(libc_a-writer.o): in function `_write_r':
(.text._write_r+0x10): warning: _write is not implemented and will always fail
Finished building target: Robot_Controller.elf
 
arm-none-eabi-size  Robot_Controller.elf 
arm-none-eabi-objdump -h -S Robot_Controller.elf  > "Robot_Controller.list"
   text	   data	    bss	    dec	    hex	filename
   2012	      0	   1568	   3580	    dfc	Robot_Controller.elf
Finished building: default.size.stdout
 
Finished building: Robot_Controller.list
 
14:36:25 **** Incremental Build of configuration Debug for project Robot_Controller ****
make -j8 all 
arm-none-eabi-size  Robot_Controller.elf 
   text	   data	    bss	    dec	    hex	filename
   2012	      0	   1568	   3580	    dfc	Robot_Controller.elf
Finished building: default.size.stdout
 
14:36:51 **** Incremental Build of configuration Debug for project Robot_Controller ****
make -j8 all 
arm-none-eabi-size  Robot_Controller.elf 
   text	   data	    bss	    dec	    hex	filename
   2012	      0	   1568	   3580	    dfc	Robot_Controller.elf
Finished building: default.size.stdout
 
14:37:26 **** Incremental Build of configuration Debug for project Robot_Controller ****
make -j8 all 
arm-none-eabi-size  Robot_Controller.elf 
   text	   data	    bss	    dec	    hex	filename
   2012	      0	   1568	   3580	    dfc	Robot_Controller.elf
Finished building: default.size.stdout
 
