09:25:10 **** Incremental Build of configuration Debug for project PeriClockEnable ****
make -j8 all 
arm-none-eabi-gcc "../Src/main.c" -mcpu=cortex-m7 -std=gnu11 -g3 -DDEBUG -DSTM32 -DSTM32H7SINGLE -DSTM32H7 -DSTM32H743VITx -c -I../Inc -O0 -ffunction-sections -fdata-sections -Wall -fstack-usage -fcyclomatic-complexity -MMD -MP -MF"Src/main.d" -MT"Src/main.o" --specs=nano.specs -mfpu=fpv5-d16 -mfloat-abi=hard -mthumb -o "Src/main.o"
arm-none-eabi-gcc -o "PeriClockEnable.elf" @"objects.list"   -mcpu=cortex-m7 -T"D:\My_Files\projects\Embedded\STM32\GIT\STM32H7\PeriClockEnable\STM32H743VITX_FLASH.ld" --specs=nosys.specs -Wl,-Map="PeriClockEnable.map" -Wl,--gc-sections -static --specs=nano.specs -mfpu=fpv5-d16 -mfloat-abi=hard -mthumb -Wl,--start-group -lc -lm -Wl,--end-group
Finished building target: PeriClockEnable.elf
 
arm-none-eabi-size  PeriClockEnable.elf 
arm-none-eabi-objdump -h -S PeriClockEnable.elf  > "PeriClockEnable.list"
   text	   data	    bss	    dec	    hex	filename
    968	      0	   1568	   2536	    9e8	PeriClockEnable.elf
Finished building: default.size.stdout
 
Finished building: PeriClockEnable.list
 
09:25:20 **** Incremental Build of configuration Debug for project PeriClockEnable ****
make -j8 all 
arm-none-eabi-size  PeriClockEnable.elf 
   text	   data	    bss	    dec	    hex	filename
    968	      0	   1568	   2536	    9e8	PeriClockEnable.elf
Finished building: default.size.stdout
 
