07:30:17 **** Incremental Build of configuration Debug for project Robot_Controller ****
make -j8 all 
arm-none-eabi-gcc "../drivers/Src/stm32h743vit6_gpio_drivers.c" -mcpu=cortex-m7 -std=gnu11 -g3 -DDEBUG -DSTM32 -DSTM32H7SINGLE -DSTM32H7 -DSTM32H743VITx -c -I../Inc -I"D:/My_Files/projects/Embedded/STM32/GIT/STM32H7/Robot_Controller/Inc" -I"D:/My_Files/projects/Embedded/STM32/GIT/STM32H7/Robot_Controller/drivers/Inc" -O0 -ffunction-sections -fdata-sections -Wall -fstack-usage -fcyclomatic-complexity -MMD -MP -MF"drivers/Src/stm32h743vit6_gpio_drivers.d" -MT"drivers/Src/stm32h743vit6_gpio_drivers.o" --specs=nano.specs -mfpu=fpv5-d16 -mfloat-abi=hard -mthumb -o "drivers/Src/stm32h743vit6_gpio_drivers.o"
../drivers/Src/stm32h743vit6_gpio_drivers.c: In function 'GPIO_PeriClockControl':
../drivers/Src/stm32h743vit6_gpio_drivers.c:30:25: warning: implicit declaration of function 'GPIOA_PCLK_EN'; did you mean 'GPIOA_PERI_CLOCK_EN'? [-Wimplicit-function-declaration]
   30 |                         GPIOA_PCLK_EN();
      |                         ^~~~~~~~~~~~~
      |                         GPIOA_PERI_CLOCK_EN
../drivers/Src/stm32h743vit6_gpio_drivers.c:34:25: warning: implicit declaration of function 'GPIOB_PCLK_EN'; did you mean 'GPIOB_PERI_CLOCK_EN'? [-Wimplicit-function-declaration]
   34 |                         GPIOB_PCLK_EN();
      |                         ^~~~~~~~~~~~~
      |                         GPIOB_PERI_CLOCK_EN
../drivers/Src/stm32h743vit6_gpio_drivers.c:37:25: warning: implicit declaration of function 'GPIOC_PCLK_EN'; did you mean 'GPIOC_PERI_CLOCK_EN'? [-Wimplicit-function-declaration]
   37 |                         GPIOC_PCLK_EN();
      |                         ^~~~~~~~~~~~~
      |                         GPIOC_PERI_CLOCK_EN
../drivers/Src/stm32h743vit6_gpio_drivers.c:40:25: warning: implicit declaration of function 'GPIOD_PCLK_EN'; did you mean 'GPIOD_PERI_CLOCK_EN'? [-Wimplicit-function-declaration]
   40 |                         GPIOD_PCLK_EN();
      |                         ^~~~~~~~~~~~~
      |                         GPIOD_PERI_CLOCK_EN
../drivers/Src/stm32h743vit6_gpio_drivers.c:43:25: warning: implicit declaration of function 'GPIOE_PCLK_EN'; did you mean 'GPIOE_PERI_CLOCK_EN'? [-Wimplicit-function-declaration]
   43 |                         GPIOE_PCLK_EN();
      |                         ^~~~~~~~~~~~~
      |                         GPIOE_PERI_CLOCK_EN
../drivers/Src/stm32h743vit6_gpio_drivers.c:46:25: warning: implicit declaration of function 'GPIOF_PCLK_EN'; did you mean 'GPIOF_PERI_CLOCK_EN'? [-Wimplicit-function-declaration]
   46 |                         GPIOF_PCLK_EN();
      |                         ^~~~~~~~~~~~~
      |                         GPIOF_PERI_CLOCK_EN
../drivers/Src/stm32h743vit6_gpio_drivers.c:49:25: warning: implicit declaration of function 'GPIOG_PCLK_EN'; did you mean 'GPIOG_PERI_CLOCK_EN'? [-Wimplicit-function-declaration]
   49 |                         GPIOG_PCLK_EN();
      |                         ^~~~~~~~~~~~~
      |                         GPIOG_PERI_CLOCK_EN
../drivers/Src/stm32h743vit6_gpio_drivers.c:52:25: warning: implicit declaration of function 'GPIOH_PCLK_EN'; did you mean 'GPIOH_PERI_CLOCK_EN'? [-Wimplicit-function-declaration]
   52 |                         GPIOH_PCLK_EN();
      |                         ^~~~~~~~~~~~~
      |                         GPIOH_PERI_CLOCK_EN
../drivers/Src/stm32h743vit6_gpio_drivers.c:55:25: warning: implicit declaration of function 'GPIOI_PCLK_EN' [-Wimplicit-function-declaration]
   55 |                         GPIOI_PCLK_EN();
      |                         ^~~~~~~~~~~~~
../drivers/Src/stm32h743vit6_gpio_drivers.c:63:25: warning: implicit declaration of function 'GPIOA_PCLK_DI'; did you mean 'GPIOA_PERI_CLOCK_DI'? [-Wimplicit-function-declaration]
   63 |                         GPIOA_PCLK_DI();
      |                         ^~~~~~~~~~~~~
      |                         GPIOA_PERI_CLOCK_DI
../drivers/Src/stm32h743vit6_gpio_drivers.c:67:25: warning: implicit declaration of function 'GPIOB_PCLK_DI'; did you mean 'GPIOB_PERI_CLOCK_DI'? [-Wimplicit-function-declaration]
   67 |                         GPIOB_PCLK_DI();
      |                         ^~~~~~~~~~~~~
      |                         GPIOB_PERI_CLOCK_DI
../drivers/Src/stm32h743vit6_gpio_drivers.c:70:25: warning: implicit declaration of function 'GPIOC_PCLK_DI'; did you mean 'GPIOC_PERI_CLOCK_DI'? [-Wimplicit-function-declaration]
   70 |                         GPIOC_PCLK_DI();
      |                         ^~~~~~~~~~~~~
      |                         GPIOC_PERI_CLOCK_DI
../drivers/Src/stm32h743vit6_gpio_drivers.c:73:25: warning: implicit declaration of function 'GPIOD_PCLK_DI'; did you mean 'GPIOD_PERI_CLOCK_DI'? [-Wimplicit-function-declaration]
   73 |                         GPIOD_PCLK_DI();
      |                         ^~~~~~~~~~~~~
      |                         GPIOD_PERI_CLOCK_DI
../drivers/Src/stm32h743vit6_gpio_drivers.c:76:21: warning: implicit declaration of function 'GPIOE_PCLK_DI'; did you mean 'GPIOE_PERI_CLOCK_DI'? [-Wimplicit-function-declaration]
   76 |                     GPIOE_PCLK_DI();
      |                     ^~~~~~~~~~~~~
      |                     GPIOE_PERI_CLOCK_DI
../drivers/Src/stm32h743vit6_gpio_drivers.c:79:25: warning: implicit declaration of function 'GPIOF_PCLK_DI'; did you mean 'GPIOF_PERI_CLOCK_DI'? [-Wimplicit-function-declaration]
   79 |                         GPIOF_PCLK_DI();
      |                         ^~~~~~~~~~~~~
      |                         GPIOF_PERI_CLOCK_DI
../drivers/Src/stm32h743vit6_gpio_drivers.c:82:25: warning: implicit declaration of function 'GPIOG_PCLK_DI'; did you mean 'GPIOG_PERI_CLOCK_DI'? [-Wimplicit-function-declaration]
   82 |                         GPIOG_PCLK_DI();
      |                         ^~~~~~~~~~~~~
      |                         GPIOG_PERI_CLOCK_DI
../drivers/Src/stm32h743vit6_gpio_drivers.c:85:25: warning: implicit declaration of function 'GPIOH_PCLK_DI'; did you mean 'GPIOH_PERI_CLOCK_DI'? [-Wimplicit-function-declaration]
   85 |                         GPIOH_PCLK_DI();
      |                         ^~~~~~~~~~~~~
      |                         GPIOH_PERI_CLOCK_DI
../drivers/Src/stm32h743vit6_gpio_drivers.c:88:25: warning: implicit declaration of function 'GPIOI_PCLK_DI' [-Wimplicit-function-declaration]
   88 |                         GPIOI_PCLK_DI();
      |                         ^~~~~~~~~~~~~
../drivers/Src/stm32h743vit6_gpio_drivers.c: In function 'GPIO_DeInit':
../drivers/Src/stm32h743vit6_gpio_drivers.c:148:33: warning: implicit declaration of function 'GPIOA_REG_RESET' [-Wimplicit-function-declaration]
  148 |                                 GPIOA_REG_RESET();
      |                                 ^~~~~~~~~~~~~~~
../drivers/Src/stm32h743vit6_gpio_drivers.c:152:33: warning: implicit declaration of function 'GPIOB_REG_RESET' [-Wimplicit-function-declaration]
  152 |                                 GPIOB_REG_RESET();
      |                                 ^~~~~~~~~~~~~~~
../drivers/Src/stm32h743vit6_gpio_drivers.c:155:33: warning: implicit declaration of function 'GPIOC_REG_RESET' [-Wimplicit-function-declaration]
  155 |                                 GPIOC_REG_RESET();
      |                                 ^~~~~~~~~~~~~~~
../drivers/Src/stm32h743vit6_gpio_drivers.c:158:33: warning: implicit declaration of function 'GPIOD_REG_RESET' [-Wimplicit-function-declaration]
  158 |                                 GPIOD_REG_RESET();
      |                                 ^~~~~~~~~~~~~~~
../drivers/Src/stm32h743vit6_gpio_drivers.c:161:33: warning: implicit declaration of function 'GPIOE_REG_RESET' [-Wimplicit-function-declaration]
  161 |                                 GPIOE_REG_RESET();
      |                                 ^~~~~~~~~~~~~~~
../drivers/Src/stm32h743vit6_gpio_drivers.c:164:33: warning: implicit declaration of function 'GPIOF_REG_RESET' [-Wimplicit-function-declaration]
  164 |                                 GPIOF_REG_RESET();
      |                                 ^~~~~~~~~~~~~~~
../drivers/Src/stm32h743vit6_gpio_drivers.c:167:33: warning: implicit declaration of function 'GPIOG_REG_RESET' [-Wimplicit-function-declaration]
  167 |                                 GPIOG_REG_RESET();
      |                                 ^~~~~~~~~~~~~~~
../drivers/Src/stm32h743vit6_gpio_drivers.c:170:33: warning: implicit declaration of function 'GPIOH_REG_RESET' [-Wimplicit-function-declaration]
  170 |                                 GPIOH_REG_RESET();
      |                                 ^~~~~~~~~~~~~~~
../drivers/Src/stm32h743vit6_gpio_drivers.c:173:33: warning: implicit declaration of function 'GPIOI_REG_RESET' [-Wimplicit-function-declaration]
  173 |                                 GPIOI_REG_RESET();
      |                                 ^~~~~~~~~~~~~~~
../drivers/Src/stm32h743vit6_gpio_drivers.c: In function 'GPIO_ReadFromInputPin':
../drivers/Src/stm32h743vit6_gpio_drivers.c:181:1: warning: control reaches end of non-void function [-Wreturn-type]
  181 | }
      | ^
../drivers/Src/stm32h743vit6_gpio_drivers.c: In function 'GPIO_ReadFromInputPort':
../drivers/Src/stm32h743vit6_gpio_drivers.c:185:1: warning: control reaches end of non-void function [-Wreturn-type]
  185 | }
      | ^
arm-none-eabi-gcc -o "Robot_Controller.elf" @"objects.list"   -mcpu=cortex-m7 -T"D:\My_Files\projects\Embedded\STM32\GIT\STM32H7\Robot_Controller\STM32H743VITX_FLASH.ld" --specs=nosys.specs -Wl,-Map="Robot_Controller.map" -Wl,--gc-sections -static --specs=nano.specs -mfpu=fpv5-d16 -mfloat-abi=hard -mthumb -Wl,--start-group -lc -lm -Wl,--end-group
Finished building target: Robot_Controller.elf
 
arm-none-eabi-size  Robot_Controller.elf 
arm-none-eabi-objdump -h -S Robot_Controller.elf  > "Robot_Controller.list"
   text	   data	    bss	    dec	    hex	filename
    924	      0	   1568	   2492	    9bc	Robot_Controller.elf
Finished building: default.size.stdout
 
Finished building: Robot_Controller.list
 

07:30:19 Build Finished. 0 errors, 29 warnings. (took 1s.941ms)

