19:57:55 **** Incremental Build of configuration Debug for project stm32h743vit6_drivers ****
make -j8 all 
arm-none-eabi-gcc -mcpu=cortex-m7 -g -DDEBUG -c -x assembler-with-cpp -MMD -MP -MF"Startup/startup_stm32h743vitx.d" -MT"Startup/startup_stm32h743vitx.o" --specs=nano.specs -mfpu=fpv5-d16 -mfloat-abi=hard -mthumb -o "Startup/startup_stm32h743vitx.o" "../Startup/startup_stm32h743vitx.s"
arm-none-eabi-gcc "../Src/main.c" -mcpu=cortex-m7 -std=gnu11 -g -DDEBUG -DSTM32 -DSTM32H7SINGLE -DSTM32H7 -DSTM32H743VITx -c -I../Inc -I"D:/My_Files/projects/Embedded/STM32/GIT/STM32H7/stm32h743vit6_drivers/drivers/Inc" -O0 -ffunction-sections -fdata-sections -Wall -fstack-usage -fcyclomatic-complexity -MMD -MP -MF"Src/main.d" -MT"Src/main.o" --specs=nano.specs -mfpu=fpv5-d16 -mfloat-abi=hard -mthumb -o "Src/main.o"
arm-none-eabi-gcc "../Src/syscalls.c" -mcpu=cortex-m7 -std=gnu11 -g -DDEBUG -DSTM32 -DSTM32H7SINGLE -DSTM32H7 -DSTM32H743VITx -c -I../Inc -I"D:/My_Files/projects/Embedded/STM32/GIT/STM32H7/stm32h743vit6_drivers/drivers/Inc" -O0 -ffunction-sections -fdata-sections -Wall -fstack-usage -fcyclomatic-complexity -MMD -MP -MF"Src/syscalls.d" -MT"Src/syscalls.o" --specs=nano.specs -mfpu=fpv5-d16 -mfloat-abi=hard -mthumb -o "Src/syscalls.o"
arm-none-eabi-gcc "../Src/sysmem.c" -mcpu=cortex-m7 -std=gnu11 -g -DDEBUG -DSTM32 -DSTM32H7SINGLE -DSTM32H7 -DSTM32H743VITx -c -I../Inc -I"D:/My_Files/projects/Embedded/STM32/GIT/STM32H7/stm32h743vit6_drivers/drivers/Inc" -O0 -ffunction-sections -fdata-sections -Wall -fstack-usage -fcyclomatic-complexity -MMD -MP -MF"Src/sysmem.d" -MT"Src/sysmem.o" --specs=nano.specs -mfpu=fpv5-d16 -mfloat-abi=hard -mthumb -o "Src/sysmem.o"
../Src/main.c:22:4: warning: #warning "FPU is not initialized, but the project is compiling for an FPU. Please initialize the FPU before use." [-Wcpp]
   22 |   #warning "FPU is not initialized, but the project is compiling for an FPU. Please initialize the FPU before use."
      |    ^~~~~~~
arm-none-eabi-gcc -o "stm32h743vit6_drivers.elf" @"objects.list"   -mcpu=cortex-m7 -T"D:\My_Files\projects\Embedded\STM32\GIT\STM32H7\stm32h743vit6_drivers\STM32H743VITX_FLASH.ld" --specs=nosys.specs -Wl,-Map="stm32h743vit6_drivers.map" -Wl,--gc-sections -static --specs=nano.specs -mfpu=fpv5-d16 -mfloat-abi=hard -mthumb -Wl,--start-group -lc -lm -Wl,--end-group
Finished building target: stm32h743vit6_drivers.elf
 
arm-none-eabi-size  stm32h743vit6_drivers.elf 
arm-none-eabi-objdump -h -S stm32h743vit6_drivers.elf  > "stm32h743vit6_drivers.list"
   text	   data	    bss	    dec	    hex	filename
    924	      0	   1568	   2492	    9bc	stm32h743vit6_drivers.elf
Finished building: default.size.stdout
 
Finished building: stm32h743vit6_drivers.list
 

19:57:58 Build Finished. 0 errors, 1 warnings. (took 3s.410ms)

